Traceback (most recent call last):
  File "C:\Users\MC VIP\OneDrive\Documents\project\backend\venv\lib\site-packages\django\db\backends\utils.py", line 105, in _execute
    return self.cursor.execute(sql, params)
  File "C:\Users\MC VIP\OneDrive\Documents\project\backend\venv\lib\site-packages\django\db\backends\sqlite3\base.py", line 360, in execute
    return super().execute(query, params)
sqlite3.OperationalError: table role_base_access_role has no column named permissions

The above exception was the direct cause of the following exception:

Traceback (most recent call last):
  File "C:\Users\MC VIP\OneDrive\Documents\project\backend\role_base_access\views.py", line 24, in create
    return super().create(request, *args, **kwargs)
  File "C:\Users\MC VIP\OneDrive\Documents\project\backend\venv\lib\site-packages\rest_framework\mixins.py", line 19, in create
    self.perform_create(serializer)
  File "C:\Users\MC VIP\OneDrive\Documents\project\backend\core\views.py", line 53, in perform_create
    serializer.save(organization=org, **kwargs)
  File "C:\Users\MC VIP\OneDrive\Documents\project\backend\venv\lib\site-packages\rest_framework\serializers.py", line 210, in save
    self.instance = self.create(validated_data)
  File "C:\Users\MC VIP\OneDrive\Documents\project\backend\venv\lib\site-packages\rest_framework\serializers.py", line 1011, in create
    instance = ModelClass._default_manager.create(**validated_data)
  File "C:\Users\MC VIP\OneDrive\Documents\project\backend\venv\lib\site-packages\django\db\models\manager.py", line 87, in manager_method
    return getattr(self.get_queryset(), name)(*args, **kwargs)
  File "C:\Users\MC VIP\OneDrive\Documents\project\backend\venv\lib\site-packages\django\db\models\query.py", line 665, in create
    obj.save(force_insert=True, using=self.db)
  File "C:\Users\MC VIP\OneDrive\Documents\project\backend\core\tenant.py", line 110, in save
    super().save(*args, **kwargs)
  File "C:\Users\MC VIP\OneDrive\Documents\project\backend\venv\lib\site-packages\django\db\models\base.py", line 902, in save
    self.save_base(
  File "C:\Users\MC VIP\OneDrive\Documents\project\backend\venv\lib\site-packages\django\db\models\base.py", line 1008, in save_base
    updated = self._save_table(
  File "C:\Users\MC VIP\OneDrive\Documents\project\backend\venv\lib\site-packages\django\db\models\base.py", line 1169, in _save_table
    results = self._do_insert(
  File "C:\Users\MC VIP\OneDrive\Documents\project\backend\venv\lib\site-packages\django\db\models\base.py", line 1210, in _do_insert
    return manager._insert(
  File "C:\Users\MC VIP\OneDrive\Documents\project\backend\venv\lib\site-packages\django\db\models\manager.py", line 87, in manager_method
    return getattr(self.get_queryset(), name)(*args, **kwargs)
  File "C:\Users\MC VIP\OneDrive\Documents\project\backend\venv\lib\site-packages\django\db\models\query.py", line 1873, in _insert
    return query.get_compiler(using=using).execute_sql(returning_fields)
  File "C:\Users\MC VIP\OneDrive\Documents\project\backend\venv\lib\site-packages\django\db\models\sql\compiler.py", line 1882, in execute_sql
    cursor.execute(sql, params)
  File "C:\Users\MC VIP\OneDrive\Documents\project\backend\venv\lib\site-packages\django\db\backends\utils.py", line 122, in execute
    return super().execute(sql, params)
  File "C:\Users\MC VIP\OneDrive\Documents\project\backend\venv\lib\site-packages\django\db\backends\utils.py", line 79, in execute
    return self._execute_with_wrappers(
  File "C:\Users\MC VIP\OneDrive\Documents\project\backend\venv\lib\site-packages\django\db\backends\utils.py", line 92, in _execute_with_wrappers
    return executor(sql, params, many, context)
  File "C:\Users\MC VIP\OneDrive\Documents\project\backend\venv\lib\site-packages\django\db\backends\utils.py", line 100, in _execute
    with self.db.wrap_database_errors:
  File "C:\Users\MC VIP\OneDrive\Documents\project\backend\venv\lib\site-packages\django\db\utils.py", line 91, in __exit__
    raise dj_exc_value.with_traceback(traceback) from exc_value
  File "C:\Users\MC VIP\OneDrive\Documents\project\backend\venv\lib\site-packages\django\db\backends\utils.py", line 105, in _execute
    return self.cursor.execute(sql, params)
  File "C:\Users\MC VIP\OneDrive\Documents\project\backend\venv\lib\site-packages\django\db\backends\sqlite3\base.py", line 360, in execute
    return super().execute(query, params)
django.db.utils.OperationalError: table role_base_access_role has no column named permissions
